
> @shielded-id/root@1.4.0 test /home/infinitara/Desktop/ShieldedID
> pnpm -r --filter=!@shielded-id/age-zk --filter=!shielded-verifier-demo --filter=!@shielded-id/attester-sdk test

Scope: 4 of 8 workspace projects
apps/registry-server test$ vitest run --coverage
apps/wallet-pwa test$ vitest run --coverage
packages/verifier-sdk test$ vitest run --coverage
apps/wallet-pwa test:  RUN  v1.6.1 /home/infinitara/Desktop/ShieldedID/apps/wallet-pwa
apps/wallet-pwa test:       Coverage enabled with v8
apps/registry-server test:  RUN  v1.6.1 /home/infinitara/Desktop/ShieldedID/apps/registry-server
apps/registry-server test:       Coverage enabled with v8
packages/verifier-sdk test:  RUN  v1.6.1 /home/infinitara/Desktop/ShieldedID/packages/verifier-sdk
packages/verifier-sdk test:       Coverage enabled with v8
